// Jest Snapshot v1, https://goo.gl/fbAQLP

exports[`>>>INPUT --- Snapshot +++ Only 1 input with props value 1 by default 1`] = `"<input/>"`;
